
  error - Undefined name 'context' - lib\features\auth\screens\google_account_picker_screen.dart:207:27 - 
undefined_identifier
  error - Methods can't be invoked in constant expressions - lib\features\auth\screens\login_screen.dart:149:34 - 
const_eval_method_invocation
  error - Methods can't be invoked in constant expressions - lib\features\auth\screens\login_screen.dart:193:34 - 
const_eval_method_invocation
  error - Methods can't be invoked in constant expressions - lib\features\auth\screens\login_screen.dart:410:28 - 
const_eval_method_invocation
  error - Methods can't be invoked in constant expressions - lib\features\auth\screens\register_screen.dart:154:26 - 
const_eval_method_invocation
  error - Methods can't be invoked in constant expressions - lib\features\auth\screens\register_screen.dart:480:30 - 
const_eval_method_invocation
  error - Methods can't be invoked in constant expressions - lib\features\auth\screens\register_screen.dart:514:16 - 
const_eval_method_invocation
  error - Methods can't be invoked in constant expressions - 
lib\features\auth\screens\reset_password_screen.dart:127:26 - const_eval_method_invocation
  error - Methods can't be invoked in constant expressions - 
lib\features\auth\screens\reset_password_screen.dart:265:16 - const_eval_method_invocation
  error - Methods can't be invoked in constant expressions - lib\features\auth\screens\verify_email_screen.dart:170:26 
- const_eval_method_invocation
  error - Methods can't be invoked in constant expressions - 
lib\features\onboarding\screens\onboarding_screen.dart:354:28 - const_eval_method_invocation
  error - Methods can't be invoked in constant expressions - 
lib\features\settings\screens\add_device_screen.dart:59:33 - const_eval_method_invocation
  error - Methods can't be invoked in constant expressions - 
lib\features\settings\screens\add_device_screen.dart:115:32 - const_eval_method_invocation
  error - Methods can't be invoked in constant expressions - 
lib\features\settings\screens\add_device_screen.dart:184:38 - const_eval_method_invocation
  error - Methods can't be invoked in constant expressions - lib\features\settings\screens\settings_screen.dart:69:26 
- const_eval_method_invocation
  error - Methods can't be invoked in constant expressions - lib\features\settings\screens\settings_screen.dart:287:28 
- const_eval_method_invocation
  error - Methods can't be invoked in constant expressions - lib\features\settings\screens\settings_screen.dart:506:26 
- const_eval_method_invocation
  error - The name 'MyApp' isn't a class - test\widget_test.dart:16:35 - creation_with_non_type


